// Jest Snapshot v1, https://goo.gl/fbAQLP

exports[`Header should render a Header component 1`] = `
<Adapter
  className="container"
>
  <Link
    href="/"
    prefetch={true}
  >
    <div
      className="logo"
    >
      Mobile Payment
    </div>
  </Link>
  <div
    className="welcome"
  >
    <span>
      Hello 
      mock
    </span>
    ,
     
    <a
      href="#"
      onClick={[Function]}
    >
      log out
    </a>
  </div>
</Adapter>
`;
